// Jest Snapshot v1, https://goo.gl/fbAQLP

exports[`Sign in form Sign in form renders correctly 1`] = `
<div
  className="sign-in-wrapper"
>
  <form
    className="sign-in"
    onChange={[Function]}
    onSubmit={[Function]}
  >
    <h2
      className="form-title sign-in__title"
    >
      sign in
    </h2>
    <label
      className="sign-in__label form-label"
      htmlFor="sign-in-email"
    >
      email:
    </label>
    <input
      className="field"
      id="sign-in-email"
      name="email"
      required={true}
      type="email"
      value=""
    />
    <div
      className="sign-in__password-cont"
    >
      <label
        className="form-label"
        htmlFor="sign-in-password"
      >
        password:
      </label>
      <a
        href="/react/forgot-password"
        onClick={[Function]}
      >
        forgot password?
      </a>
    </div>
    <input
      className="field"
      id="sign-in-password"
      name="password"
      type="password"
      value=""
    />
    <input
      className="btn sign-in__submit"
      type="submit"
      value="Sign In"
    />
  </form>
  <div
    className="sign-in__separator"
  />
  <a
    className="btn sign-in__create"
    href="/react/sign-up"
    onClick={[Function]}
  >
    create new account
  </a>
</div>
`;
