// Jest Snapshot v1, https://goo.gl/fbAQLP

exports['REDUCER conference SET_CONFERENCE 1'] = 'Array []';

exports['REDUCER conference initialState 1'] = 'Array []';
